[2026-05-31T10:22:46.839+0000] {local_task_job_runner.py:120} INFO - ::group::Pre task execution logs
[2026-05-31T10:22:46.855+0000] {taskinstance.py:2076} INFO - Dependencies all met for dep_context=non-requeueable deps ti=<TaskInstance: update_db.staging_table manual__2026-05-31T10:22:45.594693+00:00 [queued]>
[2026-05-31T10:22:46.860+0000] {taskinstance.py:2076} INFO - Dependencies all met for dep_context=requeueable deps ti=<TaskInstance: update_db.staging_table manual__2026-05-31T10:22:45.594693+00:00 [queued]>
[2026-05-31T10:22:46.860+0000] {taskinstance.py:2306} INFO - Starting attempt 1 of 1
[2026-05-31T10:22:46.870+0000] {taskinstance.py:2330} INFO - Executing <Task(_PythonDecoratedOperator): staging_table> on 2026-05-31 10:22:45.594693+00:00
[2026-05-31T10:22:46.873+0000] {standard_task_runner.py:63} INFO - Started process 96 to run task
[2026-05-31T10:22:46.876+0000] {standard_task_runner.py:90} INFO - Running: ['airflow', 'tasks', 'run', 'update_db', 'staging_table', 'manual__2026-05-31T10:22:45.594693+00:00', '--job-id', '9', '--raw', '--subdir', 'DAGS_FOLDER/main.py', '--cfg-path', '/tmp/tmp8odgxy8s']
[2026-05-31T10:22:46.877+0000] {standard_task_runner.py:91} INFO - Job 9: Subtask staging_table
[2026-05-31T10:22:46.916+0000] {task_command.py:426} INFO - Running <TaskInstance: update_db.staging_table manual__2026-05-31T10:22:45.594693+00:00 [running]> on host fa7e94e85520
[2026-05-31T10:22:46.971+0000] {taskinstance.py:2648} INFO - Exporting env vars: AIRFLOW_CTX_DAG_EMAIL='data@engineers.com' AIRFLOW_CTX_DAG_OWNER='dataengineers' AIRFLOW_CTX_DAG_ID='update_db' AIRFLOW_CTX_TASK_ID='staging_table' AIRFLOW_CTX_EXECUTION_DATE='2026-05-31T10:22:45.594693+00:00' AIRFLOW_CTX_TRY_NUMBER='1' AIRFLOW_CTX_DAG_RUN_ID='manual__2026-05-31T10:22:45.594693+00:00'
[2026-05-31T10:22:46.972+0000] {taskinstance.py:430} INFO - ::endgroup::
[2026-05-31T10:22:46.981+0000] {base.py:84} INFO - Using connection ID 'postgres_db_yt_elt' for task execution.
[2026-05-31T10:22:46.985+0000] {data_loading.py:12} INFO - Processing file: YT_data_2026-05-31
[2026-05-31T10:22:46.986+0000] {data_loading.py:20} ERROR - File not found: ../../data/YT_data_2026-05-31
[2026-05-31T10:22:46.986+0000] {dwh.py:57} ERROR - An error occurred during the update of staging table: [Errno 2] No such file or directory: '../../data/YT_data_2026-05-31'
[2026-05-31T10:22:46.986+0000] {taskinstance.py:441} INFO - ::group::Post task execution logs
[2026-05-31T10:22:46.987+0000] {taskinstance.py:2905} ERROR - Task failed with exception
Traceback (most recent call last):
  File "/home/airflow/.local/lib/python3.10/site-packages/airflow/models/taskinstance.py", line 465, in _execute_task
    result = _execute_callable(context=context, **execute_callable_kwargs)
  File "/home/airflow/.local/lib/python3.10/site-packages/airflow/models/taskinstance.py", line 432, in _execute_callable
    return execute_callable(context=context, **execute_callable_kwargs)
  File "/home/airflow/.local/lib/python3.10/site-packages/airflow/models/baseoperator.py", line 401, in wrapper
    return func(self, *args, **kwargs)
  File "/home/airflow/.local/lib/python3.10/site-packages/airflow/decorators/base.py", line 265, in execute
    return_value = super().execute(context)
  File "/home/airflow/.local/lib/python3.10/site-packages/airflow/models/baseoperator.py", line 401, in wrapper
    return func(self, *args, **kwargs)
  File "/home/airflow/.local/lib/python3.10/site-packages/airflow/operators/python.py", line 235, in execute
    return_value = self.execute_callable()
  File "/home/airflow/.local/lib/python3.10/site-packages/airflow/operators/python.py", line 252, in execute_callable
    return self.python_callable(*self.op_args, **self.op_kwargs)
  File "/opt/airflow/dags/datawarehouse/dwh.py", line 59, in staging_table
    raise e
  File "/opt/airflow/dags/datawarehouse/dwh.py", line 23, in staging_table
    YT_data = load_data()
  File "/opt/airflow/dags/datawarehouse/data_loading.py", line 14, in load_data
    with open(file_path, "r", encoding="utf-8") as raw_data:
FileNotFoundError: [Errno 2] No such file or directory: '../../data/YT_data_2026-05-31'
[2026-05-31T10:22:47.000+0000] {taskinstance.py:1206} INFO - Marking task as FAILED. dag_id=update_db, task_id=staging_table, run_id=manual__2026-05-31T10:22:45.594693+00:00, execution_date=20260531T102245, start_date=20260531T102246, end_date=20260531T102247
[2026-05-31T10:22:47.008+0000] {standard_task_runner.py:110} ERROR - Failed to execute job 9 for task staging_table ([Errno 2] No such file or directory: '../../data/YT_data_2026-05-31'; 96)
[2026-05-31T10:22:47.049+0000] {local_task_job_runner.py:240} INFO - Task exited with return code 1
[2026-05-31T10:22:47.063+0000] {taskinstance.py:3503} INFO - 0 downstream tasks scheduled from follow-on schedule check
[2026-05-31T10:22:47.068+0000] {local_task_job_runner.py:222} INFO - ::endgroup::
