[2026-05-31T10:46:06.958+0000] {local_task_job_runner.py:120} INFO - ::group::Pre task execution logs
[2026-05-31T10:46:06.975+0000] {taskinstance.py:2076} INFO - Dependencies all met for dep_context=non-requeueable deps ti=<TaskInstance: update_db.staging_table manual__2026-05-31T10:46:05.781374+00:00 [queued]>
[2026-05-31T10:46:06.980+0000] {taskinstance.py:2076} INFO - Dependencies all met for dep_context=requeueable deps ti=<TaskInstance: update_db.staging_table manual__2026-05-31T10:46:05.781374+00:00 [queued]>
[2026-05-31T10:46:06.980+0000] {taskinstance.py:2306} INFO - Starting attempt 1 of 1
[2026-05-31T10:46:06.989+0000] {taskinstance.py:2330} INFO - Executing <Task(_PythonDecoratedOperator): staging_table> on 2026-05-31 10:46:05.781374+00:00
[2026-05-31T10:46:06.992+0000] {standard_task_runner.py:63} INFO - Started process 408 to run task
[2026-05-31T10:46:06.994+0000] {standard_task_runner.py:90} INFO - Running: ['airflow', 'tasks', 'run', 'update_db', 'staging_table', 'manual__2026-05-31T10:46:05.781374+00:00', '--job-id', '19', '--raw', '--subdir', 'DAGS_FOLDER/main.py', '--cfg-path', '/tmp/tmpc6ogtyoj']
[2026-05-31T10:46:06.995+0000] {standard_task_runner.py:91} INFO - Job 19: Subtask staging_table
[2026-05-31T10:46:07.026+0000] {task_command.py:426} INFO - Running <TaskInstance: update_db.staging_table manual__2026-05-31T10:46:05.781374+00:00 [running]> on host fa7e94e85520
[2026-05-31T10:46:07.070+0000] {taskinstance.py:2648} INFO - Exporting env vars: AIRFLOW_CTX_DAG_EMAIL='data@engineers.com' AIRFLOW_CTX_DAG_OWNER='dataengineers' AIRFLOW_CTX_DAG_ID='update_db' AIRFLOW_CTX_TASK_ID='staging_table' AIRFLOW_CTX_EXECUTION_DATE='2026-05-31T10:46:05.781374+00:00' AIRFLOW_CTX_TRY_NUMBER='1' AIRFLOW_CTX_DAG_RUN_ID='manual__2026-05-31T10:46:05.781374+00:00'
[2026-05-31T10:46:07.071+0000] {taskinstance.py:430} INFO - ::endgroup::
[2026-05-31T10:46:07.079+0000] {base.py:84} INFO - Using connection ID 'postgres_db_yt_elt' for task execution.
[2026-05-31T10:46:07.084+0000] {data_loading.py:12} INFO - Processing file: YT_data_2026-05-31
[2026-05-31T10:46:07.090+0000] {base.py:84} INFO - Using connection ID 'postgres_db_yt_elt' for task execution.
[2026-05-31T10:46:07.094+0000] {base.py:84} INFO - Using connection ID 'postgres_db_yt_elt' for task execution.
[2026-05-31T10:46:07.101+0000] {data_modification.py:80} ERROR - Error updating row with Video_ID: GpQSUjNsNm0
[2026-05-31T10:46:07.101+0000] {dwh.py:57} ERROR - An error occurred during the update of staging table: column "video_id" does not exist
LINE 7:       WHERE Video_ID = video_id AND "Upload_Date" = publishe...
                    ^
HINT:  Perhaps you meant to reference the column "yt_api.Video_ID".

[2026-05-31T10:46:07.101+0000] {taskinstance.py:441} INFO - ::group::Post task execution logs
[2026-05-31T10:46:07.102+0000] {taskinstance.py:2905} ERROR - Task failed with exception
Traceback (most recent call last):
  File "/home/airflow/.local/lib/python3.10/site-packages/airflow/models/taskinstance.py", line 465, in _execute_task
    result = _execute_callable(context=context, **execute_callable_kwargs)
  File "/home/airflow/.local/lib/python3.10/site-packages/airflow/models/taskinstance.py", line 432, in _execute_callable
    return execute_callable(context=context, **execute_callable_kwargs)
  File "/home/airflow/.local/lib/python3.10/site-packages/airflow/models/baseoperator.py", line 401, in wrapper
    return func(self, *args, **kwargs)
  File "/home/airflow/.local/lib/python3.10/site-packages/airflow/decorators/base.py", line 265, in execute
    return_value = super().execute(context)
  File "/home/airflow/.local/lib/python3.10/site-packages/airflow/models/baseoperator.py", line 401, in wrapper
    return func(self, *args, **kwargs)
  File "/home/airflow/.local/lib/python3.10/site-packages/airflow/operators/python.py", line 235, in execute
    return_value = self.execute_callable()
  File "/home/airflow/.local/lib/python3.10/site-packages/airflow/operators/python.py", line 252, in execute_callable
    return self.python_callable(*self.op_args, **self.op_kwargs)
  File "/opt/airflow/dags/datawarehouse/dwh.py", line 59, in staging_table
    raise e
  File "/opt/airflow/dags/datawarehouse/dwh.py", line 40, in staging_table
    update_rows(conn, cur, schema, row)
  File "/opt/airflow/dags/datawarehouse/data_modification.py", line 81, in update_rows
    raise e
  File "/opt/airflow/dags/datawarehouse/data_modification.py", line 63, in update_rows
    cur.execute(
  File "/home/airflow/.local/lib/python3.10/site-packages/psycopg2/extras.py", line 236, in execute
    return super().execute(query, vars)
psycopg2.errors.UndefinedColumn: column "video_id" does not exist
LINE 7:       WHERE Video_ID = video_id AND "Upload_Date" = publishe...
                    ^
HINT:  Perhaps you meant to reference the column "yt_api.Video_ID".

[2026-05-31T10:46:07.113+0000] {taskinstance.py:1206} INFO - Marking task as FAILED. dag_id=update_db, task_id=staging_table, run_id=manual__2026-05-31T10:46:05.781374+00:00, execution_date=20260531T104605, start_date=20260531T104606, end_date=20260531T104607
[2026-05-31T10:46:07.121+0000] {standard_task_runner.py:110} ERROR - Failed to execute job 19 for task staging_table (column "video_id" does not exist
LINE 7:       WHERE Video_ID = video_id AND "Upload_Date" = publishe...
                    ^
HINT:  Perhaps you meant to reference the column "yt_api.Video_ID".
; 408)
[2026-05-31T10:46:07.127+0000] {local_task_job_runner.py:240} INFO - Task exited with return code 1
[2026-05-31T10:46:07.141+0000] {taskinstance.py:3503} INFO - 0 downstream tasks scheduled from follow-on schedule check
[2026-05-31T10:46:07.145+0000] {local_task_job_runner.py:222} INFO - ::endgroup::
