[2026-05-31T10:49:33.790+0000] {local_task_job_runner.py:120} INFO - ::group::Pre task execution logs
[2026-05-31T10:49:33.803+0000] {taskinstance.py:2076} INFO - Dependencies all met for dep_context=non-requeueable deps ti=<TaskInstance: update_db.core_table manual__2026-05-31T10:49:30.385501+00:00 [queued]>
[2026-05-31T10:49:33.810+0000] {taskinstance.py:2076} INFO - Dependencies all met for dep_context=requeueable deps ti=<TaskInstance: update_db.core_table manual__2026-05-31T10:49:30.385501+00:00 [queued]>
[2026-05-31T10:49:33.811+0000] {taskinstance.py:2306} INFO - Starting attempt 1 of 1
[2026-05-31T10:49:33.820+0000] {taskinstance.py:2330} INFO - Executing <Task(_PythonDecoratedOperator): core_table> on 2026-05-31 10:49:30.385501+00:00
[2026-05-31T10:49:33.823+0000] {standard_task_runner.py:63} INFO - Started process 456 to run task
[2026-05-31T10:49:33.825+0000] {standard_task_runner.py:90} INFO - Running: ['airflow', 'tasks', 'run', 'update_db', 'core_table', 'manual__2026-05-31T10:49:30.385501+00:00', '--job-id', '22', '--raw', '--subdir', 'DAGS_FOLDER/main.py', '--cfg-path', '/tmp/tmpzag47p4u']
[2026-05-31T10:49:33.826+0000] {standard_task_runner.py:91} INFO - Job 22: Subtask core_table
[2026-05-31T10:49:33.858+0000] {task_command.py:426} INFO - Running <TaskInstance: update_db.core_table manual__2026-05-31T10:49:30.385501+00:00 [running]> on host fa7e94e85520
[2026-05-31T10:49:33.906+0000] {taskinstance.py:2648} INFO - Exporting env vars: AIRFLOW_CTX_DAG_EMAIL='data@engineers.com' AIRFLOW_CTX_DAG_OWNER='dataengineers' AIRFLOW_CTX_DAG_ID='update_db' AIRFLOW_CTX_TASK_ID='core_table' AIRFLOW_CTX_EXECUTION_DATE='2026-05-31T10:49:30.385501+00:00' AIRFLOW_CTX_TRY_NUMBER='1' AIRFLOW_CTX_DAG_RUN_ID='manual__2026-05-31T10:49:30.385501+00:00'
[2026-05-31T10:49:33.907+0000] {taskinstance.py:430} INFO - ::endgroup::
[2026-05-31T10:49:33.912+0000] {base.py:84} INFO - Using connection ID 'postgres_db_yt_elt' for task execution.
[2026-05-31T10:49:33.916+0000] {base.py:84} INFO - Using connection ID 'postgres_db_yt_elt' for task execution.
[2026-05-31T10:49:33.920+0000] {base.py:84} INFO - Using connection ID 'postgres_db_yt_elt' for task execution.
[2026-05-31T10:49:33.928+0000] {dwh.py:118} ERROR - An error occurred during the update of core table: unsupported type for timedelta seconds component: list
[2026-05-31T10:49:33.929+0000] {taskinstance.py:441} INFO - ::group::Post task execution logs
[2026-05-31T10:49:33.929+0000] {taskinstance.py:2905} ERROR - Task failed with exception
Traceback (most recent call last):
  File "/home/airflow/.local/lib/python3.10/site-packages/airflow/models/taskinstance.py", line 465, in _execute_task
    result = _execute_callable(context=context, **execute_callable_kwargs)
  File "/home/airflow/.local/lib/python3.10/site-packages/airflow/models/taskinstance.py", line 432, in _execute_callable
    return execute_callable(context=context, **execute_callable_kwargs)
  File "/home/airflow/.local/lib/python3.10/site-packages/airflow/models/baseoperator.py", line 401, in wrapper
    return func(self, *args, **kwargs)
  File "/home/airflow/.local/lib/python3.10/site-packages/airflow/decorators/base.py", line 265, in execute
    return_value = super().execute(context)
  File "/home/airflow/.local/lib/python3.10/site-packages/airflow/models/baseoperator.py", line 401, in wrapper
    return func(self, *args, **kwargs)
  File "/home/airflow/.local/lib/python3.10/site-packages/airflow/operators/python.py", line 235, in execute
    return_value = self.execute_callable()
  File "/home/airflow/.local/lib/python3.10/site-packages/airflow/operators/python.py", line 252, in execute_callable
    return self.python_callable(*self.op_args, **self.op_kwargs)
  File "/opt/airflow/dags/datawarehouse/dwh.py", line 120, in core_table
    raise e
  File "/opt/airflow/dags/datawarehouse/dwh.py", line 93, in core_table
    transformed_row = transform_data(row)
  File "/opt/airflow/dags/datawarehouse/data_transformation.py", line 24, in transform_data
    durattion_td = parse_duration(row["Duration"])
  File "/opt/airflow/dags/datawarehouse/data_transformation.py", line 17, in parse_duration
    total_duration = timedelta(days=values["D"], hours=values["H"], minutes=["M"], seconds=["S"])
TypeError: unsupported type for timedelta seconds component: list
[2026-05-31T10:49:33.943+0000] {taskinstance.py:1206} INFO - Marking task as FAILED. dag_id=update_db, task_id=core_table, run_id=manual__2026-05-31T10:49:30.385501+00:00, execution_date=20260531T104930, start_date=20260531T104933, end_date=20260531T104933
[2026-05-31T10:49:33.950+0000] {standard_task_runner.py:110} ERROR - Failed to execute job 22 for task core_table (unsupported type for timedelta seconds component: list; 456)
[2026-05-31T10:49:33.958+0000] {local_task_job_runner.py:240} INFO - Task exited with return code 1
[2026-05-31T10:49:33.968+0000] {taskinstance.py:3503} INFO - 0 downstream tasks scheduled from follow-on schedule check
[2026-05-31T10:49:33.972+0000] {local_task_job_runner.py:222} INFO - ::endgroup::
