[2026-05-27T08:41:21.171+0000] {manager.py:470} INFO - Processing files using up to 2 processes at a time 
[2026-05-27T08:41:21.173+0000] {manager.py:471} INFO - Process each file at most once every 30 seconds
[2026-05-27T08:41:21.174+0000] {manager.py:472} INFO - Checking for new files in /opt/airflow/dags every 300 seconds
[2026-05-27T08:41:21.175+0000] {manager.py:737} INFO - Searching for files in /opt/airflow/dags
[2026-05-27T08:41:21.178+0000] {manager.py:740} INFO - There are 0 files in /opt/airflow/dags
[2026-05-27T08:46:21.871+0000] {manager.py:737} INFO - Searching for files in /opt/airflow/dags
[2026-05-27T08:46:21.878+0000] {manager.py:740} INFO - There are 0 files in /opt/airflow/dags
[2026-05-27T08:46:35.184+0000] {manager.py:452} INFO - Exiting gracefully upon receiving signal 15
[2026-05-28T06:38:33.513+0000] {manager.py:470} INFO - Processing files using up to 2 processes at a time 
[2026-05-28T06:38:33.514+0000] {manager.py:471} INFO - Process each file at most once every 30 seconds
[2026-05-28T06:38:33.515+0000] {manager.py:472} INFO - Checking for new files in /opt/airflow/dags every 300 seconds
[2026-05-28T06:38:33.515+0000] {manager.py:737} INFO - Searching for files in /opt/airflow/dags
[2026-05-28T06:38:33.543+0000] {manager.py:740} INFO - There are 0 files in /opt/airflow/dags
[2026-05-28T06:43:33.887+0000] {manager.py:737} INFO - Searching for files in /opt/airflow/dags
[2026-05-28T06:43:33.912+0000] {manager.py:740} INFO - There are 0 files in /opt/airflow/dags
[2026-05-28T06:48:34.077+0000] {manager.py:737} INFO - Searching for files in /opt/airflow/dags
[2026-05-28T06:48:34.105+0000] {manager.py:740} INFO - There are 1 files in /opt/airflow/dags
[2026-05-28T06:48:36.136+0000] {manager.py:878} INFO - 
================================================================================
DAG File Processing Stats

File Path                  PID    Runtime      # DAGs    # Errors  Last Runtime    Last Run
-------------------------  -----  ---------  --------  ----------  --------------  -------------------
/opt/airflow/dags/main.py                           0           1  0.06s           2026-05-28T06:48:34
================================================================================
[2026-05-28T06:49:08.726+0000] {manager.py:878} INFO - 
================================================================================
DAG File Processing Stats

File Path                  PID    Runtime      # DAGs    # Errors  Last Runtime    Last Run
-------------------------  -----  ---------  --------  ----------  --------------  -------------------
/opt/airflow/dags/main.py                           0           1  0.05s           2026-05-28T06:49:04
================================================================================
[2026-05-28T06:49:41.554+0000] {manager.py:878} INFO - 
================================================================================
DAG File Processing Stats

File Path                  PID    Runtime      # DAGs    # Errors  Last Runtime    Last Run
-------------------------  -----  ---------  --------  ----------  --------------  -------------------
/opt/airflow/dags/main.py                           0           0  0.05s           2026-05-28T06:49:24
================================================================================
[2026-05-28T06:50:14.716+0000] {manager.py:878} INFO - 
================================================================================
DAG File Processing Stats

File Path                    PID  Runtime      # DAGs    # Errors  Last Runtime    Last Run
-------------------------  -----  ---------  --------  ----------  --------------  -------------------
/opt/airflow/dags/main.py    205  0.00s             0           0  0.06s           2026-05-28T06:50:06
================================================================================
[2026-05-28T06:50:47.212+0000] {manager.py:878} INFO - 
================================================================================
DAG File Processing Stats

File Path                  PID    Runtime      # DAGs    # Errors  Last Runtime    Last Run
-------------------------  -----  ---------  --------  ----------  --------------  -------------------
/opt/airflow/dags/main.py                           0           1  0.07s           2026-05-28T06:50:45
================================================================================
[2026-05-28T06:51:19.810+0000] {manager.py:878} INFO - 
================================================================================
DAG File Processing Stats

File Path                  PID    Runtime      # DAGs    # Errors  Last Runtime    Last Run
-------------------------  -----  ---------  --------  ----------  --------------  -------------------
/opt/airflow/dags/main.py                           0           1  0.09s           2026-05-28T06:51:15
================================================================================
[2026-05-28T06:51:50.021+0000] {manager.py:878} INFO - 
================================================================================
DAG File Processing Stats

File Path                  PID    Runtime      # DAGs    # Errors  Last Runtime    Last Run
-------------------------  -----  ---------  --------  ----------  --------------  -------------------
/opt/airflow/dags/main.py                           0           1  0.08s           2026-05-28T06:51:46
================================================================================
[2026-05-28T06:52:22.420+0000] {manager.py:878} INFO - 
================================================================================
DAG File Processing Stats

File Path                  PID    Runtime      # DAGs    # Errors  Last Runtime    Last Run
-------------------------  -----  ---------  --------  ----------  --------------  -------------------
/opt/airflow/dags/main.py                           0           1  0.05s           2026-05-28T06:52:21
================================================================================
[2026-05-28T06:52:55.065+0000] {manager.py:878} INFO - 
================================================================================
DAG File Processing Stats

File Path                    PID  Runtime      # DAGs    # Errors  Last Runtime    Last Run
-------------------------  -----  ---------  --------  ----------  --------------  -------------------
/opt/airflow/dags/main.py    243  0.00s             0           0  0.07s           2026-05-28T06:52:40
================================================================================
[2026-05-28T06:53:27.474+0000] {manager.py:878} INFO - 
================================================================================
DAG File Processing Stats

File Path                  PID    Runtime      # DAGs    # Errors  Last Runtime    Last Run
-------------------------  -----  ---------  --------  ----------  --------------  -------------------
/opt/airflow/dags/main.py                           0           0  0.09s           2026-05-28T06:53:09
================================================================================
[2026-05-28T06:53:35.017+0000] {manager.py:737} INFO - Searching for files in /opt/airflow/dags
[2026-05-28T06:53:35.052+0000] {manager.py:740} INFO - There are 1 files in /opt/airflow/dags
[2026-05-28T06:54:00.610+0000] {manager.py:878} INFO - 
================================================================================
DAG File Processing Stats

File Path                  PID    Runtime      # DAGs    # Errors  Last Runtime    Last Run
-------------------------  -----  ---------  --------  ----------  --------------  -------------------
/opt/airflow/dags/main.py                           0           1  0.05s           2026-05-28T06:53:56
================================================================================
[2026-05-28T06:54:33.182+0000] {manager.py:878} INFO - 
================================================================================
DAG File Processing Stats

File Path                  PID    Runtime      # DAGs    # Errors  Last Runtime    Last Run
-------------------------  -----  ---------  --------  ----------  --------------  -------------------
/opt/airflow/dags/main.py                           0           1  0.04s           2026-05-28T06:54:26
================================================================================
[2026-05-28T06:55:05.613+0000] {manager.py:878} INFO - 
================================================================================
DAG File Processing Stats

File Path                    PID  Runtime      # DAGs    # Errors  Last Runtime    Last Run
-------------------------  -----  ---------  --------  ----------  --------------  -------------------
/opt/airflow/dags/main.py    285  0.00s             0           0  0.06s           2026-05-28T06:55:04
================================================================================
[2026-05-28T06:55:38.414+0000] {manager.py:878} INFO - 
================================================================================
DAG File Processing Stats

File Path                  PID    Runtime      # DAGs    # Errors  Last Runtime    Last Run
-------------------------  -----  ---------  --------  ----------  --------------  -------------------
/opt/airflow/dags/main.py                           0           0  0.06s           2026-05-28T06:55:34
================================================================================
[2026-05-28T06:56:10.818+0000] {manager.py:878} INFO - 
================================================================================
DAG File Processing Stats

File Path                  PID    Runtime      # DAGs    # Errors  Last Runtime    Last Run
-------------------------  -----  ---------  --------  ----------  --------------  -------------------
/opt/airflow/dags/main.py                           0           0  0.06s           2026-05-28T06:56:03
================================================================================
[2026-05-28T06:56:43.202+0000] {manager.py:878} INFO - 
================================================================================
DAG File Processing Stats

File Path                  PID    Runtime      # DAGs    # Errors  Last Runtime    Last Run
-------------------------  -----  ---------  --------  ----------  --------------  -------------------
/opt/airflow/dags/main.py                           0           0  0.07s           2026-05-28T06:56:25
================================================================================
[2026-05-28T06:57:15.619+0000] {manager.py:878} INFO - 
================================================================================
DAG File Processing Stats

File Path                  PID    Runtime      # DAGs    # Errors  Last Runtime    Last Run
-------------------------  -----  ---------  --------  ----------  --------------  -------------------
/opt/airflow/dags/main.py                           0           0  0.06s           2026-05-28T06:56:46
================================================================================
[2026-05-28T06:57:48.290+0000] {manager.py:878} INFO - 
================================================================================
DAG File Processing Stats

File Path                  PID    Runtime      # DAGs    # Errors  Last Runtime    Last Run
-------------------------  -----  ---------  --------  ----------  --------------  -------------------
/opt/airflow/dags/main.py                           0           1  0.05s           2026-05-28T06:57:43
================================================================================
[2026-05-28T06:58:20.885+0000] {manager.py:878} INFO - 
================================================================================
DAG File Processing Stats

File Path                  PID    Runtime      # DAGs    # Errors  Last Runtime    Last Run
-------------------------  -----  ---------  --------  ----------  --------------  -------------------
/opt/airflow/dags/main.py                           0           0  0.08s           2026-05-28T06:58:16
================================================================================
[2026-05-28T06:58:35.063+0000] {manager.py:737} INFO - Searching for files in /opt/airflow/dags
[2026-05-28T06:58:35.111+0000] {manager.py:740} INFO - There are 1 files in /opt/airflow/dags
[2026-05-28T06:58:52.690+0000] {manager.py:878} INFO - 
================================================================================
DAG File Processing Stats

File Path                  PID    Runtime      # DAGs    # Errors  Last Runtime    Last Run
-------------------------  -----  ---------  --------  ----------  --------------  -------------------
/opt/airflow/dags/main.py                           0           0  0.08s           2026-05-28T06:58:51
================================================================================
[2026-05-28T06:59:23.024+0000] {manager.py:878} INFO - 
================================================================================
DAG File Processing Stats

File Path                  PID    Runtime      # DAGs    # Errors  Last Runtime    Last Run
-------------------------  -----  ---------  --------  ----------  --------------  -------------------
/opt/airflow/dags/main.py                           0           0  0.07s           2026-05-28T06:59:22
================================================================================
[2026-05-28T06:59:54.584+0000] {manager.py:878} INFO - 
================================================================================
DAG File Processing Stats

File Path                  PID    Runtime      # DAGs    # Errors  Last Runtime    Last Run
-------------------------  -----  ---------  --------  ----------  --------------  -------------------
/opt/airflow/dags/main.py                           0           0  0.06s           2026-05-28T06:59:53
================================================================================
[2026-05-28T07:00:24.771+0000] {manager.py:878} INFO - 
================================================================================
DAG File Processing Stats

File Path                  PID    Runtime      # DAGs    # Errors  Last Runtime    Last Run
-------------------------  -----  ---------  --------  ----------  --------------  -------------------
/opt/airflow/dags/main.py                           0           0  0.06s           2026-05-28T07:00:23
================================================================================
[2026-05-28T07:00:56.589+0000] {manager.py:878} INFO - 
================================================================================
DAG File Processing Stats

File Path                  PID    Runtime      # DAGs    # Errors  Last Runtime    Last Run
-------------------------  -----  ---------  --------  ----------  --------------  -------------------
/opt/airflow/dags/main.py                           0           0  0.07s           2026-05-28T07:00:54
================================================================================
[2026-05-28T07:01:27.795+0000] {manager.py:878} INFO - 
================================================================================
DAG File Processing Stats

File Path                  PID    Runtime      # DAGs    # Errors  Last Runtime    Last Run
-------------------------  -----  ---------  --------  ----------  --------------  -------------------
/opt/airflow/dags/main.py                           0           0  0.06s           2026-05-28T07:01:24
================================================================================
[2026-05-28T07:01:59.753+0000] {manager.py:878} INFO - 
================================================================================
DAG File Processing Stats

File Path                    PID  Runtime      # DAGs    # Errors  Last Runtime    Last Run
-------------------------  -----  ---------  --------  ----------  --------------  -------------------
/opt/airflow/dags/main.py    394  0.00s             0           1  0.06s           2026-05-28T07:01:54
================================================================================
[2026-05-28T07:02:31.493+0000] {manager.py:878} INFO - 
================================================================================
DAG File Processing Stats

File Path                  PID    Runtime      # DAGs    # Errors  Last Runtime    Last Run
-------------------------  -----  ---------  --------  ----------  --------------  -------------------
/opt/airflow/dags/main.py                           0           1  0.05s           2026-05-28T07:02:26
================================================================================
[2026-05-28T07:03:03.329+0000] {manager.py:878} INFO - 
================================================================================
DAG File Processing Stats

File Path                  PID    Runtime      # DAGs    # Errors  Last Runtime    Last Run
-------------------------  -----  ---------  --------  ----------  --------------  -------------------
/opt/airflow/dags/main.py                           0           1  0.06s           2026-05-28T07:02:56
================================================================================
[2026-05-28T07:03:35.188+0000] {manager.py:737} INFO - Searching for files in /opt/airflow/dags
[2026-05-28T07:03:35.221+0000] {manager.py:740} INFO - There are 1 files in /opt/airflow/dags
[2026-05-28T07:03:35.230+0000] {manager.py:878} INFO - 
================================================================================
DAG File Processing Stats

File Path                  PID    Runtime      # DAGs    # Errors  Last Runtime    Last Run
-------------------------  -----  ---------  --------  ----------  --------------  -------------------
/opt/airflow/dags/main.py                           0           1  0.05s           2026-05-28T07:03:20
================================================================================
[2026-05-28T07:04:07.241+0000] {manager.py:878} INFO - 
================================================================================
DAG File Processing Stats

File Path                  PID    Runtime      # DAGs    # Errors  Last Runtime    Last Run
-------------------------  -----  ---------  --------  ----------  --------------  -------------------
/opt/airflow/dags/main.py                           0           1  0.05s           2026-05-28T07:04:02
================================================================================
[2026-05-28T07:04:39.749+0000] {manager.py:878} INFO - 
================================================================================
DAG File Processing Stats

File Path                  PID    Runtime      # DAGs    # Errors  Last Runtime    Last Run
-------------------------  -----  ---------  --------  ----------  --------------  -------------------
/opt/airflow/dags/main.py                           0           1  0.05s           2026-05-28T07:04:33
================================================================================
[2026-05-28T07:05:12.302+0000] {manager.py:878} INFO - 
================================================================================
DAG File Processing Stats

File Path                  PID    Runtime      # DAGs    # Errors  Last Runtime    Last Run
-------------------------  -----  ---------  --------  ----------  --------------  -------------------
/opt/airflow/dags/main.py                           1           0  0.11s           2026-05-28T07:04:54
================================================================================
[2026-05-28T07:05:44.817+0000] {manager.py:878} INFO - 
================================================================================
DAG File Processing Stats

File Path                    PID  Runtime      # DAGs    # Errors  Last Runtime    Last Run
-------------------------  -----  ---------  --------  ----------  --------------  -------------------
/opt/airflow/dags/main.py    468  0.00s             0           1  0.08s           2026-05-28T07:05:26
================================================================================
[2026-05-28T07:06:17.335+0000] {manager.py:878} INFO - 
================================================================================
DAG File Processing Stats

File Path                  PID    Runtime      # DAGs    # Errors  Last Runtime    Last Run
-------------------------  -----  ---------  --------  ----------  --------------  -------------------
/opt/airflow/dags/main.py                           0           1  0.09s           2026-05-28T07:06:16
================================================================================
[2026-05-28T07:06:49.602+0000] {manager.py:878} INFO - 
================================================================================
DAG File Processing Stats

File Path                  PID    Runtime      # DAGs    # Errors  Last Runtime    Last Run
-------------------------  -----  ---------  --------  ----------  --------------  -------------------
/opt/airflow/dags/main.py                           0           1  0.07s           2026-05-28T07:06:36
================================================================================
[2026-05-28T07:07:21.800+0000] {manager.py:878} INFO - 
================================================================================
DAG File Processing Stats

File Path                  PID    Runtime      # DAGs    # Errors  Last Runtime    Last Run
-------------------------  -----  ---------  --------  ----------  --------------  -------------------
/opt/airflow/dags/main.py                           0           1  0.10s           2026-05-28T07:07:17
================================================================================
[2026-05-28T07:07:53.962+0000] {manager.py:878} INFO - 
================================================================================
DAG File Processing Stats

File Path                  PID    Runtime      # DAGs    # Errors  Last Runtime    Last Run
-------------------------  -----  ---------  --------  ----------  --------------  -------------------
/opt/airflow/dags/main.py                           0           1  0.09s           2026-05-28T07:07:45
================================================================================
[2026-05-28T07:08:25.933+0000] {manager.py:878} INFO - 
================================================================================
DAG File Processing Stats

File Path                  PID    Runtime      # DAGs    # Errors  Last Runtime    Last Run
-------------------------  -----  ---------  --------  ----------  --------------  -------------------
/opt/airflow/dags/main.py                           0           1  0.07s           2026-05-28T07:08:16
================================================================================
[2026-05-28T07:08:35.993+0000] {manager.py:737} INFO - Searching for files in /opt/airflow/dags
[2026-05-28T07:08:36.018+0000] {manager.py:740} INFO - There are 1 files in /opt/airflow/dags
[2026-05-28T07:08:57.944+0000] {manager.py:878} INFO - 
================================================================================
DAG File Processing Stats

File Path                  PID    Runtime      # DAGs    # Errors  Last Runtime    Last Run
-------------------------  -----  ---------  --------  ----------  --------------  -------------------
/opt/airflow/dags/main.py                           0           1  0.09s           2026-05-28T07:08:47
================================================================================
[2026-05-28T07:09:28.191+0000] {manager.py:878} INFO - 
================================================================================
DAG File Processing Stats

File Path                  PID    Runtime      # DAGs    # Errors  Last Runtime    Last Run
-------------------------  -----  ---------  --------  ----------  --------------  -------------------
/opt/airflow/dags/main.py                           0           1  0.08s           2026-05-28T07:09:18
================================================================================
[2026-05-28T07:10:00.260+0000] {manager.py:878} INFO - 
================================================================================
DAG File Processing Stats

File Path                  PID    Runtime      # DAGs    # Errors  Last Runtime    Last Run
-------------------------  -----  ---------  --------  ----------  --------------  -------------------
/opt/airflow/dags/main.py                           0           1  0.09s           2026-05-28T07:09:48
================================================================================
[2026-05-28T07:10:32.248+0000] {manager.py:878} INFO - 
================================================================================
DAG File Processing Stats

File Path                  PID    Runtime      # DAGs    # Errors  Last Runtime    Last Run
-------------------------  -----  ---------  --------  ----------  --------------  -------------------
/opt/airflow/dags/main.py                           0           1  0.08s           2026-05-28T07:10:19
================================================================================
[2026-05-28T07:11:04.345+0000] {manager.py:878} INFO - 
================================================================================
DAG File Processing Stats

File Path                  PID    Runtime      # DAGs    # Errors  Last Runtime    Last Run
-------------------------  -----  ---------  --------  ----------  --------------  -------------------
/opt/airflow/dags/main.py                           0           1  0.08s           2026-05-28T07:10:49
================================================================================
[2026-05-28T07:11:36.342+0000] {manager.py:878} INFO - 
================================================================================
DAG File Processing Stats

File Path                  PID    Runtime      # DAGs    # Errors  Last Runtime    Last Run
-------------------------  -----  ---------  --------  ----------  --------------  -------------------
/opt/airflow/dags/main.py                           0           1  0.07s           2026-05-28T07:11:20
================================================================================
[2026-05-28T07:12:08.340+0000] {manager.py:878} INFO - 
================================================================================
DAG File Processing Stats

File Path                  PID    Runtime      # DAGs    # Errors  Last Runtime    Last Run
-------------------------  -----  ---------  --------  ----------  --------------  -------------------
/opt/airflow/dags/main.py                           0           1  0.07s           2026-05-28T07:11:51
================================================================================
[2026-05-28T07:12:40.364+0000] {manager.py:878} INFO - 
================================================================================
DAG File Processing Stats

File Path                  PID    Runtime      # DAGs    # Errors  Last Runtime    Last Run
-------------------------  -----  ---------  --------  ----------  --------------  -------------------
/opt/airflow/dags/main.py                           0           1  0.09s           2026-05-28T07:12:22
================================================================================
[2026-05-28T07:13:12.427+0000] {manager.py:878} INFO - 
================================================================================
DAG File Processing Stats

File Path                  PID    Runtime      # DAGs    # Errors  Last Runtime    Last Run
-------------------------  -----  ---------  --------  ----------  --------------  -------------------
/opt/airflow/dags/main.py                           0           1  0.07s           2026-05-28T07:12:52
================================================================================
[2026-05-28T07:13:36.434+0000] {manager.py:737} INFO - Searching for files in /opt/airflow/dags
[2026-05-28T07:13:36.501+0000] {manager.py:740} INFO - There are 1 files in /opt/airflow/dags
[2026-05-28T07:13:44.550+0000] {manager.py:878} INFO - 
================================================================================
DAG File Processing Stats

File Path                  PID    Runtime      # DAGs    # Errors  Last Runtime    Last Run
-------------------------  -----  ---------  --------  ----------  --------------  -------------------
/opt/airflow/dags/main.py                           1           0  0.23s           2026-05-28T07:13:23
================================================================================
[2026-05-28T07:14:16.709+0000] {manager.py:878} INFO - 
================================================================================
DAG File Processing Stats

File Path                  PID    Runtime      # DAGs    # Errors  Last Runtime    Last Run
-------------------------  -----  ---------  --------  ----------  --------------  -------------------
/opt/airflow/dags/main.py                           1           0  0.12s           2026-05-28T07:13:53
================================================================================
[2026-05-28T07:14:48.649+0000] {manager.py:878} INFO - 
================================================================================
DAG File Processing Stats

File Path                  PID    Runtime      # DAGs    # Errors  Last Runtime    Last Run
-------------------------  -----  ---------  --------  ----------  --------------  -------------------
/opt/airflow/dags/main.py                           1           0  0.11s           2026-05-28T07:14:24
================================================================================
[2026-05-28T07:15:20.681+0000] {manager.py:878} INFO - 
================================================================================
DAG File Processing Stats

File Path                  PID    Runtime      # DAGs    # Errors  Last Runtime    Last Run
-------------------------  -----  ---------  --------  ----------  --------------  -------------------
/opt/airflow/dags/main.py                           1           0  0.11s           2026-05-28T07:14:55
================================================================================
[2026-05-28T07:15:52.824+0000] {manager.py:878} INFO - 
================================================================================
DAG File Processing Stats

File Path                  PID    Runtime      # DAGs    # Errors  Last Runtime    Last Run
-------------------------  -----  ---------  --------  ----------  --------------  -------------------
/opt/airflow/dags/main.py                           1           0  0.10s           2026-05-28T07:15:26
================================================================================
[2026-05-28T07:16:24.877+0000] {manager.py:878} INFO - 
================================================================================
DAG File Processing Stats

File Path                  PID    Runtime      # DAGs    # Errors  Last Runtime    Last Run
-------------------------  -----  ---------  --------  ----------  --------------  -------------------
/opt/airflow/dags/main.py                           1           0  0.11s           2026-05-28T07:15:56
================================================================================
[2026-05-28T07:16:56.895+0000] {manager.py:878} INFO - 
================================================================================
DAG File Processing Stats

File Path                  PID    Runtime      # DAGs    # Errors  Last Runtime    Last Run
-------------------------  -----  ---------  --------  ----------  --------------  -------------------
/opt/airflow/dags/main.py                           1           0  0.12s           2026-05-28T07:16:28
================================================================================
[2026-05-28T07:17:28.992+0000] {manager.py:878} INFO - 
================================================================================
DAG File Processing Stats

File Path                  PID    Runtime      # DAGs    # Errors  Last Runtime    Last Run
-------------------------  -----  ---------  --------  ----------  --------------  -------------------
/opt/airflow/dags/main.py                           1           0  0.11s           2026-05-28T07:16:59
================================================================================
[2026-05-28T07:17:59.161+0000] {manager.py:878} INFO - 
================================================================================
DAG File Processing Stats

File Path                  PID    Runtime      # DAGs    # Errors  Last Runtime    Last Run
-------------------------  -----  ---------  --------  ----------  --------------  -------------------
/opt/airflow/dags/main.py                           1           0  0.13s           2026-05-28T07:17:30
================================================================================
[2026-05-28T07:18:31.267+0000] {manager.py:878} INFO - 
================================================================================
DAG File Processing Stats

File Path                  PID    Runtime      # DAGs    # Errors  Last Runtime    Last Run
-------------------------  -----  ---------  --------  ----------  --------------  -------------------
/opt/airflow/dags/main.py                           1           0  0.13s           2026-05-28T07:18:02
================================================================================
[2026-05-28T07:18:37.164+0000] {manager.py:737} INFO - Searching for files in /opt/airflow/dags
[2026-05-28T07:18:37.192+0000] {manager.py:740} INFO - There are 1 files in /opt/airflow/dags
[2026-05-28T07:19:03.343+0000] {manager.py:878} INFO - 
================================================================================
DAG File Processing Stats

File Path                    PID  Runtime      # DAGs    # Errors  Last Runtime    Last Run
-------------------------  -----  ---------  --------  ----------  --------------  -------------------
/opt/airflow/dags/main.py    653  0.00s             1           0  0.11s           2026-05-28T07:18:32
================================================================================
[2026-05-28T07:19:35.417+0000] {manager.py:878} INFO - 
================================================================================
DAG File Processing Stats

File Path                  PID    Runtime      # DAGs    # Errors  Last Runtime    Last Run
-------------------------  -----  ---------  --------  ----------  --------------  -------------------
/opt/airflow/dags/main.py                           1           0  0.11s           2026-05-28T07:19:34
================================================================================
[2026-05-28T07:20:07.549+0000] {manager.py:878} INFO - 
================================================================================
DAG File Processing Stats

File Path                  PID    Runtime      # DAGs    # Errors  Last Runtime    Last Run
-------------------------  -----  ---------  --------  ----------  --------------  -------------------
/opt/airflow/dags/main.py                           1           0  0.11s           2026-05-28T07:20:04
================================================================================
[2026-05-28T07:20:39.722+0000] {manager.py:878} INFO - 
================================================================================
DAG File Processing Stats

File Path                  PID    Runtime      # DAGs    # Errors  Last Runtime    Last Run
-------------------------  -----  ---------  --------  ----------  --------------  -------------------
/opt/airflow/dags/main.py                           1           0  0.11s           2026-05-28T07:20:34
================================================================================
[2026-05-28T07:21:11.937+0000] {manager.py:878} INFO - 
================================================================================
DAG File Processing Stats

File Path                  PID    Runtime      # DAGs    # Errors  Last Runtime    Last Run
-------------------------  -----  ---------  --------  ----------  --------------  -------------------
/opt/airflow/dags/main.py                           1           0  0.11s           2026-05-28T07:21:05
================================================================================
[2026-05-28T07:21:44.085+0000] {manager.py:878} INFO - 
================================================================================
DAG File Processing Stats

File Path                  PID    Runtime      # DAGs    # Errors  Last Runtime    Last Run
-------------------------  -----  ---------  --------  ----------  --------------  -------------------
/opt/airflow/dags/main.py                           1           0  0.12s           2026-05-28T07:21:35
================================================================================
[2026-05-28T07:22:16.240+0000] {manager.py:878} INFO - 
================================================================================
DAG File Processing Stats

File Path                  PID    Runtime      # DAGs    # Errors  Last Runtime    Last Run
-------------------------  -----  ---------  --------  ----------  --------------  -------------------
/opt/airflow/dags/main.py                           1           0  0.12s           2026-05-28T07:22:05
================================================================================
[2026-05-28T07:22:48.399+0000] {manager.py:878} INFO - 
================================================================================
DAG File Processing Stats

File Path                  PID    Runtime      # DAGs    # Errors  Last Runtime    Last Run
-------------------------  -----  ---------  --------  ----------  --------------  -------------------
/opt/airflow/dags/main.py                           1           0  0.10s           2026-05-28T07:22:35
================================================================================
[2026-05-28T07:23:20.519+0000] {manager.py:878} INFO - 
================================================================================
DAG File Processing Stats

File Path                  PID    Runtime      # DAGs    # Errors  Last Runtime    Last Run
-------------------------  -----  ---------  --------  ----------  --------------  -------------------
/opt/airflow/dags/main.py                           1           0  0.13s           2026-05-28T07:23:05
================================================================================
[2026-05-28T07:23:37.625+0000] {manager.py:737} INFO - Searching for files in /opt/airflow/dags
[2026-05-28T07:23:37.650+0000] {manager.py:740} INFO - There are 1 files in /opt/airflow/dags
[2026-05-28T07:23:48.636+0000] {manager.py:452} INFO - Exiting gracefully upon receiving signal 15
